m1:wed 4pm
meeting2:wed 4pm
meeting-3:wed 4pm
meetingfour:wed 4pm
meeting_five:wed 4pm
6meeting:wed 4pm
7_meeting-about-stuff:wed 4pm
a-really-really-long-meeting-about-the-number-eight:wed 4pm
EPICMEETING_NUMBER9:wed 4pm
MeetingAbout9Asterisks*:wed 4pm
$doll@rm1te`Meeting!:wed 4pm
cost:0
