m1:fri 2pm
m2:thu 1pm
m3:fri 2pm
m4:thu 1pm
m5:wed 11am
m6:tue 11am
m7:tue 11am
m8:wed 11am
m9:mon 9am
m10:mon 9am
cost:0
