m1:fri 4pm
m2:fri 4pm
m3:fri 4pm
m4:fri 4pm
cost:0
