m1:tue 9am
m2:tue 9am
m3:tue 9am
m4:tue 9am
cost:0
