m1:tue 1pm
m2:tue 1pm
m3:mon 1pm
m4:mon 1pm
cost:0
